---
source: tests/snapshots.rs
expression: transcript
---
exit: 0
--- stdout ---
{
  "result": "updated",
  "id": "template",
  "ref": "refs/tpl/template",
  "template": "[tmp]/template",
  "commit": "[sha]",
  "previousRevision": {
    "reference": "main",
    "commit": "[sha]",
    "dirty": false
  },
  "revision": {
    "reference": "main",
    "commit": "[sha]",
    "dirty": false
  },
  "changes": [
    {
      "path": ".github/workflows/release.yml",
      "kind": "added"
    },
    {
      "path": "README.md",
      "kind": "modified"
    }
  ],
  "answersChanged": false,
  "startedNewHistory": false,
  "migrations": [],
  "movedCommit": null,
  "ignoredAnswers": [],
  "pushed": null,
  "ok": true
}
--- stderr ---
<empty>
